==========================================
reduce in TEST-ENV-DYNAMICS : finalConst(env1) .
rewrites: 92
result SMTBoolExp: [(true).Boolean and ((true).Boolean and (b("#$#1") === b(
    "#$#0") and (0/1).Real === r("#$#0")))]
==========================================
reduce in TEST-ENV-DYNAMICS : finalConst(env2) .
rewrites: 84
result SMTBoolExp: [(true).Boolean and ((true).Boolean and (b("#$#1") === b(
    "#$#0") and (0/1).Real === r("#$#0")))]
==========================================
search in TEST-ENV-DYNAMICS : executeStep(bool(true), env1) =>* C:ConstConfig .

Solution 1 (state 0)
states: 1  rewrites: 462
C:ConstConfig --> [b("#$#1") === b("#$#0") and ((0/1).Real === r("#$#0") and (
    r("b#$#0") === (1/1).Real + (3602879701896397/18014398509481984).Real * r(
    "e1#$#6") and (r("e1#$#6") <= (2/1).Real and ((0/1).Real <= r("e1#$#6") and
    (r("e1#$#7") <= (4/1).Real and ((2/1).Real <= r("e1#$#7") and (r("e1#$#6")
    <= r("e1#$#7") and (r("e1#$#8") === (5/1).Real and r("e1#$#7") <= r(
    "e1#$#8")))))))))] || < e : Env | properties : ((TimingProperties::Period
    => {{(5).NzNat}}) ; HybridSynchAADL::MaxClockDeviation => {{5.0e-1}}),
    features : (< a : EnvOutPort | content : [r("e1#$#9")] # [b("e1#$#6")],
    envCache : [r("e1#$#9")] # [b("e1#$#6")],target : cr1 > < on1 : EnvInPort |
    content : [(0/1).Real] # [(false).Boolean],envCache : [r("e1#$#5")] # [b(
    "e1#$#5")],target : cr1 >),subcomponents : < x : Data | properties : none,
    features : none,subcomponents : none,connections : empty,value : [(
    1/1).Real + (3602879701896397/18014398509481984).Real * (r("e1#$#6") - (
    0/1).Real) + (3602879701896397/18014398509481984).Real * (r("e1#$#7") - r(
    "e1#$#6")) + (3602879701896397/18014398509481984).Real * (r("e1#$#8") - r(
    "e1#$#7"))] # [(true).Boolean] >,connections : x ==> a,varGen : < "e1",10,7
    >,currMode : loc([(0/1).Real]),jumps : empty,flows : loc([(0/1).Real]) [x(
    t)= (c[x] + (v[t] * [[2.0000000000000001e-1]]))],sampling : cr1 :(0,1),
    response : cr1 :(2,3) >

No more solutions.
states: 1  rewrites: 462
==========================================
search in TEST-ENV-DYNAMICS : executeStep(bool(true), env2) =>* C:ConstConfig .

Solution 1 (state 0)
states: 1  rewrites: 560
C:ConstConfig --> [b("#$#1") === b("#$#0") and ((0/1).Real === r("#$#0") and (
    r("b#$#0") === (1/1).Real + (3602879701896397/18014398509481984).Real * r(
    "e1#$#6") and (b("e1#$#5") and (r("e1#$#6") <= (2/1).Real and ((0/1).Real
    <= r("e1#$#6") and (r("e1#$#7") <= (4/1).Real and ((2/1).Real <= r(
    "e1#$#7") and (r("e1#$#6") <= r("e1#$#7") and (r("e1#$#8") === (5/1).Real
    and r("e1#$#7") <= r("e1#$#8"))))))) or not b("e1#$#5") and (r("e1#$#6") <=
    (2/1).Real and ((0/1).Real <= r("e1#$#6") and (r("e1#$#7") <= (4/1).Real
    and ((2/1).Real <= r("e1#$#7") and (r("e1#$#6") <= r("e1#$#7") and (r(
    "e1#$#8") === (5/1).Real and r("e1#$#7") <= r("e1#$#8"))))))))))] || < e :
    Env | properties : ((TimingProperties::Period => {{(5).NzNat}}) ;
    HybridSynchAADL::MaxClockDeviation => {{5.0e-1}}),features : (< a :
    EnvOutPort | content : [r("e1#$#9")] # [b("e1#$#6")],envCache : [r(
    "e1#$#9")] # [b("e1#$#6")],target : cr1 > < on1 : EnvInPort | content : [(
    0/1).Real] # [(false).Boolean],envCache : [r("e1#$#5")] # [b("e1#$#5")],
    target : cr1 >),subcomponents : < x : Data | properties : none,features :
    none,subcomponents : none,connections : empty,value : [(1/1).Real + (
    3602879701896397/18014398509481984).Real * (r("e1#$#6") - (0/1).Real) + (
    3602879701896397/18014398509481984).Real * (r("e1#$#7") - r("e1#$#6")) + (
    3602879701896397/18014398509481984).Real * (r("e1#$#8") - r("e1#$#7"))] # [
    (true).Boolean] >,connections : x ==> a,varGen : < "e1",10,7 >,currMode :
    loc([(0/1).Real]),jumps : loc([(0/1).Real]) -[on1]-> loc([(0/1).Real]),
    flows : loc([(0/1).Real]) [x(t)= (c[x] + (v[t] * [[
    2.0000000000000001e-1]]))],sampling : cr1 :(0,1),response : cr1 :(2,3) >

No more solutions.
states: 1  rewrites: 560
==========================================
search in TEST-ENV-DYNAMICS : executeStep(bool(true), env3) =>* C:ConstConfig .

Solution 1 (state 0)
states: 1  rewrites: 3679
C:ConstConfig --> [(0/1).Real === r("#$#0") and ((0/1).Real === r("#$#1") and (
    b("#$#2") and (r("a#$#0") === r("e2#$#13") and (r("b#$#0") === r("e2#$#12")
    and (r("e2#$#7") <= (7/2).Real and ((3/2).Real <= r("e2#$#7") and ((
    0/1).Real <= r("e2#$#7") and (r("e2#$#8") <= (2/1).Real and ((0/1).Real <=
    r("e2#$#8") and (r("e2#$#7") <= r("e2#$#8") and (r("e2#$#9") <= (11/2).Real
    and ((7/2).Real <= r("e2#$#9") and (r("e2#$#8") <= r("e2#$#9") and (r(
    "e2#$#10") <= (5/1).Real and ((3/1).Real <= r("e2#$#10") and (r("e2#$#9")
    <= r("e2#$#10") and (r("e2#$#11") === (5/1).Real and (r("e2#$#10") <= r(
    "e2#$#11") and (r("e2#$#13") === r("#$#1") + (
    -3602879701896397/36028797018963968).Real * r("e2#$#8") and r("e2#$#12")
    === (1/1).Real + (-5404319552844595/18014398509481984).Real * r(
    "e2#$#7"))))))))))))))) or (r("e2#$#7") <= (7/2).Real and ((3/2).Real <= r(
    "e2#$#7") and ((0/1).Real <= r("e2#$#7") and (r("e2#$#8") <= (2/1).Real and
    ((0/1).Real <= r("e2#$#8") and (r("e2#$#7") <= r("e2#$#8") and (r("e2#$#9")
    <= (5/1).Real and ((3/1).Real <= r("e2#$#9") and (r("e2#$#8") <= r(
    "e2#$#9") and (r("e2#$#10") <= (11/2).Real and ((7/2).Real <= r("e2#$#10")
    and (r("e2#$#9") <= r("e2#$#10") and (r("e2#$#11") === (5/1).Real and (r(
    "e2#$#10") <= r("e2#$#11") and (r("e2#$#13") === r("#$#1") + (
    -3602879701896397/36028797018963968).Real * r("e2#$#8") and r("e2#$#12")
    === (1/1).Real + (-5404319552844595/18014398509481984).Real * r(
    "e2#$#7"))))))))))))))) or (r("e2#$#12") === (1/1).Real + (
    -5404319552844595/18014398509481984).Real * r("e2#$#8") and (r("e2#$#7") <=
    (2/1).Real and ((0/1).Real <= r("e2#$#7") and (r("e2#$#8") <= (7/2).Real
    and ((3/2).Real <= r("e2#$#8") and (r("e2#$#7") <= r("e2#$#8") and (r(
    "e2#$#9") <= (5/1).Real and ((3/1).Real <= r("e2#$#9") and (r("e2#$#8") <=
    r("e2#$#9") and (r("e2#$#10") <= (11/2).Real and ((7/2).Real <= r(
    "e2#$#10") and (r("e2#$#9") <= r("e2#$#10") and (r("e2#$#11") === (
    5/1).Real and r("e2#$#10") <= r("e2#$#11")))))))))))) or r("e2#$#7") <= (
    2/1).Real and ((0/1).Real <= r("e2#$#7") and (r("e2#$#8") <= (7/2).Real and
    ((3/2).Real <= r("e2#$#8") and (r("e2#$#7") <= r("e2#$#8") and (r("e2#$#9")
    <= (11/2).Real and ((7/2).Real <= r("e2#$#9") and (r("e2#$#8") <= r(
    "e2#$#9") and (r("e2#$#10") <= (5/1).Real and ((3/1).Real <= r("e2#$#10")
    and (r("e2#$#9") <= r("e2#$#10") and (r("e2#$#11") === (5/1).Real and r(
    "e2#$#10") <= r("e2#$#11"))))))))))))) or r("e2#$#12") === (1/1).Real + (
    -5404319552844595/18014398509481984).Real * r("e2#$#9") and (r("e2#$#7") <=
    (2/1).Real and ((0/1).Real <= r("e2#$#7") and (r("e2#$#8") <= (5/1).Real
    and ((3/1).Real <= r("e2#$#8") and (r("e2#$#7") <= r("e2#$#8") and (r(
    "e2#$#9") <= (7/2).Real and ((3/2).Real <= r("e2#$#9") and (r("e2#$#8") <=
    r("e2#$#9") and (r("e2#$#10") <= (11/2).Real and ((7/2).Real <= r(
    "e2#$#10") and (r("e2#$#9") <= r("e2#$#10") and (r("e2#$#11") === (
    5/1).Real and r("e2#$#10") <= r("e2#$#11")))))))))))))) and r("e2#$#13")
    === r("#$#1") + (-3602879701896397/36028797018963968).Real * r(
    "e2#$#7")))))))] || < e : Env | properties : ((TimingProperties::Period =>
    {{(5).NzNat}}) ; HybridSynchAADL::MaxClockDeviation => {{5.0e-1}}),features
    : (< a : EnvOutPort | content : [r("e2#$#14")] # [b("e2#$#10")],envCache :
    [r("e2#$#14")] # [b("e2#$#10")],target : cr1 > < b : EnvOutPort | content :
    [r("e2#$#15")] # [b("e2#$#11")],envCache : [r("e2#$#15")] # [b("e2#$#11")],
    target : cr2 > < on1 : EnvInPort | content : [(0/1).Real] # [(
    false).Boolean],envCache : [r("e2#$#5")] # [b("e2#$#5")],target : cr1 > <
    on2 : EnvInPort | content : [(0/1).Real] # [(false).Boolean],envCache : [r(
    "e2#$#6")] # [b("e2#$#6")],target : cr2 > < off1 : EnvInPort | content : [(
    false).Boolean] # [(false).Boolean],envCache : [b("e2#$#7")] # [b(
    "e2#$#8")],target : cr1 > < off2 : EnvInPort | content : * # [(
    false).Boolean],envCache : * # [b("e2#$#9")],target : cr2 >),subcomponents
    : (< x : Data | properties : none,features : none,subcomponents : none,
    connections : empty,value : [r("#$#1") - (
    3602879701896397/36028797018963968).Real * (r("e2#$#7") - (0/1).Real) - (
    3602879701896397/36028797018963968).Real * (r("e2#$#8") - r("e2#$#7")) - (
    3602879701896397/36028797018963968).Real * (r("e2#$#9") - r("e2#$#8")) - (
    3602879701896397/36028797018963968).Real * (r("e2#$#10") - r("e2#$#9")) - (
    3602879701896397/36028797018963968).Real * (r("e2#$#11") - r("e2#$#10"))] #
    [(true).Boolean] > < y : Data | properties : none,features : none,
    subcomponents : none,connections : empty,value : [(1/1).Real - (
    5404319552844595/18014398509481984).Real * (r("e2#$#7") - (0/1).Real) - (
    5404319552844595/18014398509481984).Real * (r("e2#$#8") - r("e2#$#7")) - (
    5404319552844595/18014398509481984).Real * (r("e2#$#9") - r("e2#$#8")) - (
    5404319552844595/18014398509481984).Real * (r("e2#$#10") - r("e2#$#9")) - (
    5404319552844595/18014398509481984).Real * (r("e2#$#11") - r("e2#$#10"))] #
    [(true).Boolean] >),connections : ((x ==> a) ; y ==> b),varGen : < "e2",16,
    12 >,currMode : loc([(0/1).Real]),jumps : empty,flows : loc([(0/1).Real]) [
    (x(t)= (c[x] - (v[t] * [[1.0000000000000001e-1]]))) ; y(s)= (c[y] - (v[s] *
    [[2.9999999999999999e-1]]))],sampling : (cr1 :(0,1), cr2 :(3/2,5/2)),
    response : (cr1 :(3,4), cr2 :(7/2,9/2)) >

No more solutions.
states: 1  rewrites: 3679
==========================================
search in TEST-ENV-DYNAMICS : executeStep(bool(true), env4) =>* C:ConstConfig .

Solution 1 (state 0)
states: 1  rewrites: 9321
C:ConstConfig --> [(0/1).Real === r("#$#0") and ((0/1).Real === r("#$#1") and (
    b("#$#2") and (r("a#$#0") === r("e3#$#15") and (r("b#$#0") === r("e3#$#14")
    and ((r("e3#$#14") === (1/1).Real + ((1/2).Real * r("e3#$#9") + (
    -14411518807585587/18014398509481984).Real * r("e3#$#8")) and (r("e3#$#13")
    === (1/1).Real + ((-14411518807585587/18014398509481984).Real * r("e3#$#8")
    + (1/2).Real * r("e3#$#11")) and (r("e3#$#11") === (5/1).Real and (r(
    "e3#$#10") <= r("e3#$#11") and (not b("e3#$#9") and (b("e3#$#5") and (r(
    "e3#$#7") <= (2/1).Real and ((0/1).Real <= r("e3#$#7") and (r("e3#$#8") <=
    (5/1).Real and ((3/1).Real <= r("e3#$#8") and (r("e3#$#7") <= r("e3#$#8")
    and (r("e3#$#9") <= (7/2).Real and ((3/2).Real <= r("e3#$#9") and (r(
    "e3#$#8") <= r("e3#$#9") and (r("e3#$#10") <= (11/2).Real and ((7/2).Real
    <= r("e3#$#10") and (r("e3#$#9") <= r("e3#$#10") and r("e3#$#12") === (
    1/1).Real))))))))))))))) or r("e3#$#13") === (1/1).Real + ((
    -14411518807585587/18014398509481984).Real * r("e3#$#8") + ((
    14411518807585587/18014398509481984).Real * r("e3#$#10") + (
    -5404319552844595/18014398509481984).Real * r("e3#$#11"))) and (b("e3#$#9")
    and (b("e3#$#5") and (r("e3#$#7") <= (2/1).Real and ((0/1).Real <= r(
    "e3#$#7") and (r("e3#$#8") <= (5/1).Real and ((3/1).Real <= r("e3#$#8") and
    (r("e3#$#7") <= r("e3#$#8") and (r("e3#$#9") <= (7/2).Real and ((3/2).Real
    <= r("e3#$#9") and (r("e3#$#8") <= r("e3#$#9") and (r("e3#$#10") <= (
    11/2).Real and ((7/2).Real <= r("e3#$#10") and (r("e3#$#9") <= r("e3#$#10")
    and (r("e3#$#11") === (5/1).Real and (r("e3#$#10") <= r("e3#$#11") and r(
    "e3#$#12") === (0/1).Real)))))))))))))))) or (r("e3#$#13") === (1/1).Real +
    ((-14411518807585587/18014398509481984).Real * r("e3#$#9") + (1/2).Real *
    r("e3#$#11")) and (r("e3#$#14") === (1/1).Real + (
    -5404319552844595/18014398509481984).Real * r("e3#$#8") and (not b(
    "e3#$#8") and (b("e3#$#6") and (r("e3#$#7") <= (2/1).Real and ((0/1).Real
    <= r("e3#$#7") and (r("e3#$#8") <= (7/2).Real and ((3/2).Real <= r(
    "e3#$#8") and (r("e3#$#7") <= r("e3#$#8") and (r("e3#$#9") <= (11/2).Real
    and ((7/2).Real <= r("e3#$#9") and (r("e3#$#8") <= r("e3#$#9") and (r(
    "e3#$#10") <= (5/1).Real and ((3/1).Real <= r("e3#$#10") and (r("e3#$#9")
    <= r("e3#$#10") and (r("e3#$#11") === (5/1).Real and (r("e3#$#10") <= r(
    "e3#$#11") and r("e3#$#12") === (1/1).Real)))))))))))))))) or (r("e3#$#13")
    === (1/1).Real + ((-14411518807585587/18014398509481984).Real * r("e3#$#9")
    + (1/2).Real * r("e3#$#11")) and (r("e3#$#14") === (1/1).Real + (
    -5404319552844595/18014398509481984).Real * r("e3#$#8") and (r("e3#$#11")
    === (5/1).Real and (r("e3#$#10") <= r("e3#$#11") and (not b("e3#$#9") and (
    b("e3#$#5") and (r("e3#$#7") <= (2/1).Real and ((0/1).Real <= r("e3#$#7")
    and (r("e3#$#8") <= (7/2).Real and ((3/2).Real <= r("e3#$#8") and (r(
    "e3#$#7") <= r("e3#$#8") and (r("e3#$#9") <= (5/1).Real and ((3/1).Real <=
    r("e3#$#9") and (r("e3#$#8") <= r("e3#$#9") and (r("e3#$#10") <= (
    11/2).Real and ((7/2).Real <= r("e3#$#10") and (r("e3#$#9") <= r("e3#$#10")
    and r("e3#$#12") === (1/1).Real)))))))))))))))) or (r("e3#$#13") === (
    1/1).Real + ((1/2).Real * r("e3#$#11") + (
    -14411518807585587/18014398509481984).Real * r("e3#$#10")) and (r(
    "e3#$#14") === (1/1).Real + (-5404319552844595/18014398509481984).Real * r(
    "e3#$#8") and (b("e3#$#5") and (not b("e3#$#6") and (r("e3#$#7") <= (
    2/1).Real and ((0/1).Real <= r("e3#$#7") and (r("e3#$#8") <= (7/2).Real and
    ((3/2).Real <= r("e3#$#8") and (r("e3#$#7") <= r("e3#$#8") and (r("e3#$#9")
    <= (11/2).Real and ((7/2).Real <= r("e3#$#9") and (r("e3#$#8") <= r(
    "e3#$#9") and (r("e3#$#10") <= (5/1).Real and ((3/1).Real <= r("e3#$#10")
    and (r("e3#$#9") <= r("e3#$#10") and (r("e3#$#11") === (5/1).Real and (r(
    "e3#$#10") <= r("e3#$#11") and r("e3#$#12") === (1/1).Real))))))))))))))))
    or (r("e3#$#13") === (1/1).Real + ((1/2).Real * r("e3#$#11") + (
    -14411518807585587/18014398509481984).Real * r("e3#$#10")) and (r(
    "e3#$#14") === (1/1).Real + (-5404319552844595/18014398509481984).Real * r(
    "e3#$#8") and (b("e3#$#6") and (not b("e3#$#5") and (r("e3#$#7") <= (
    2/1).Real and ((0/1).Real <= r("e3#$#7") and (r("e3#$#8") <= (7/2).Real and
    ((3/2).Real <= r("e3#$#8") and (r("e3#$#7") <= r("e3#$#8") and (r("e3#$#9")
    <= (5/1).Real and ((3/1).Real <= r("e3#$#9") and (r("e3#$#8") <= r(
    "e3#$#9") and (r("e3#$#10") <= (11/2).Real and ((7/2).Real <= r("e3#$#10")
    and (r("e3#$#9") <= r("e3#$#10") and (r("e3#$#11") === (5/1).Real and (r(
    "e3#$#10") <= r("e3#$#11") and r("e3#$#12") === (1/1).Real))))))))))))))))
    or (r("e3#$#13") === (1/1).Real + ((
    14411518807585587/18014398509481984).Real * r("e3#$#10") + ((
    -14411518807585587/18014398509481984).Real * r("e3#$#9") + (
    -5404319552844595/18014398509481984).Real * r("e3#$#11"))) and (r(
    "e3#$#14") === (1/1).Real + (-5404319552844595/18014398509481984).Real * r(
    "e3#$#8") and (b("e3#$#9") and (b("e3#$#5") and (r("e3#$#7") <= (2/1).Real
    and ((0/1).Real <= r("e3#$#7") and (r("e3#$#8") <= (7/2).Real and ((
    3/2).Real <= r("e3#$#8") and (r("e3#$#7") <= r("e3#$#8") and (r("e3#$#9")
    <= (5/1).Real and ((3/1).Real <= r("e3#$#9") and (r("e3#$#8") <= r(
    "e3#$#9") and (r("e3#$#10") <= (11/2).Real and ((7/2).Real <= r("e3#$#10")
    and (r("e3#$#9") <= r("e3#$#10") and (r("e3#$#11") === (5/1).Real and (r(
    "e3#$#10") <= r("e3#$#11") and r("e3#$#12") === (0/1).Real))))))))))))))))
    or (r("e3#$#13") === (1/1).Real + ((
    14411518807585587/18014398509481984).Real * r("e3#$#10") + ((
    -14411518807585587/18014398509481984).Real * r("e3#$#9") + (
    -5404319552844595/18014398509481984).Real * r("e3#$#11"))) and (r(
    "e3#$#14") === (1/1).Real + (-5404319552844595/18014398509481984).Real * r(
    "e3#$#8") and (b("e3#$#8") and (b("e3#$#6") and (r("e3#$#7") <= (2/1).Real
    and ((0/1).Real <= r("e3#$#7") and (r("e3#$#8") <= (7/2).Real and ((
    3/2).Real <= r("e3#$#8") and (r("e3#$#7") <= r("e3#$#8") and (r("e3#$#9")
    <= (11/2).Real and ((7/2).Real <= r("e3#$#9") and (r("e3#$#8") <= r(
    "e3#$#9") and (r("e3#$#10") <= (5/1).Real and ((3/1).Real <= r("e3#$#10")
    and (r("e3#$#9") <= r("e3#$#10") and (r("e3#$#11") === (5/1).Real and (r(
    "e3#$#10") <= r("e3#$#11") and r("e3#$#12") === (0/1).Real))))))))))))))))
    or (r("e3#$#13") === (1/1).Real + (
    -5404319552844595/18014398509481984).Real * r("e3#$#11") and (r("e3#$#14")
    === (1/1).Real + (-5404319552844595/18014398509481984).Real * r("e3#$#8")
    and (r("e3#$#11") === (5/1).Real and (r("e3#$#10") <= r("e3#$#11") and (not
    b("e3#$#6") and (not b("e3#$#5") and (r("e3#$#7") <= (2/1).Real and ((
    0/1).Real <= r("e3#$#7") and (r("e3#$#8") <= (7/2).Real and ((3/2).Real <=
    r("e3#$#8") and (r("e3#$#7") <= r("e3#$#8") and (r("e3#$#9") <= (5/1).Real
    and ((3/1).Real <= r("e3#$#9") and (r("e3#$#8") <= r("e3#$#9") and (r(
    "e3#$#10") <= (11/2).Real and ((7/2).Real <= r("e3#$#10") and (r("e3#$#9")
    <= r("e3#$#10") and r("e3#$#12") === (0/1).Real)))))))))))))))) or (r(
    "e3#$#13") === (1/1).Real + (-5404319552844595/18014398509481984).Real * r(
    "e3#$#11") and (r("e3#$#14") === (1/1).Real + (
    -5404319552844595/18014398509481984).Real * r("e3#$#8") and (not b(
    "e3#$#5") and (not b("e3#$#6") and (r("e3#$#7") <= (2/1).Real and ((
    0/1).Real <= r("e3#$#7") and (r("e3#$#8") <= (7/2).Real and ((3/2).Real <=
    r("e3#$#8") and (r("e3#$#7") <= r("e3#$#8") and (r("e3#$#9") <= (11/2).Real
    and ((7/2).Real <= r("e3#$#9") and (r("e3#$#8") <= r("e3#$#9") and (r(
    "e3#$#10") <= (5/1).Real and ((3/1).Real <= r("e3#$#10") and (r("e3#$#9")
    <= r("e3#$#10") and (r("e3#$#11") === (5/1).Real and (r("e3#$#10") <= r(
    "e3#$#11") and r("e3#$#12") === (0/1).Real)))))))))))))))) or (r("e3#$#13")
    === (1/1).Real + (-5404319552844595/18014398509481984).Real * r("e3#$#11")
    and (r("e3#$#14") === (1/1).Real + (
    -5404319552844595/18014398509481984).Real * r("e3#$#9") and (r("e3#$#11")
    === (5/1).Real and (r("e3#$#10") <= r("e3#$#11") and (not b("e3#$#6") and (
    not b("e3#$#5") and (r("e3#$#7") <= (2/1).Real and ((0/1).Real <= r(
    "e3#$#7") and (r("e3#$#8") <= (5/1).Real and ((3/1).Real <= r("e3#$#8") and
    (r("e3#$#7") <= r("e3#$#8") and (r("e3#$#9") <= (7/2).Real and ((3/2).Real
    <= r("e3#$#9") and (r("e3#$#8") <= r("e3#$#9") and (r("e3#$#10") <= (
    11/2).Real and ((7/2).Real <= r("e3#$#10") and (r("e3#$#9") <= r("e3#$#10")
    and r("e3#$#12") === (0/1).Real)))))))))))))))) or r("e3#$#13") === (
    1/1).Real + ((1/2).Real * r("e3#$#11") + (
    -14411518807585587/18014398509481984).Real * r("e3#$#10")) and (r(
    "e3#$#14") === (1/1).Real + (-5404319552844595/18014398509481984).Real * r(
    "e3#$#9") and (b("e3#$#6") and (not b("e3#$#5") and (r("e3#$#7") <= (
    2/1).Real and ((0/1).Real <= r("e3#$#7") and (r("e3#$#8") <= (5/1).Real and
    ((3/1).Real <= r("e3#$#8") and (r("e3#$#7") <= r("e3#$#8") and (r("e3#$#9")
    <= (7/2).Real and ((3/2).Real <= r("e3#$#9") and (r("e3#$#8") <= r(
    "e3#$#9") and (r("e3#$#10") <= (11/2).Real and ((7/2).Real <= r("e3#$#10")
    and (r("e3#$#9") <= r("e3#$#10") and (r("e3#$#11") === (5/1).Real and (r(
    "e3#$#10") <= r("e3#$#11") and r("e3#$#12") === (
    1/1).Real)))))))))))))))))))))))))) and r("e3#$#15") === r("#$#1") + (
    -3602879701896397/36028797018963968).Real * r("e3#$#7") or (r("e3#$#13")
    === (1/1).Real + ((-14411518807585587/18014398509481984).Real * r("e3#$#9")
    + (1/2).Real * r("e3#$#11")) and (r("e3#$#15") === r("#$#1") + (
    -3602879701896397/36028797018963968).Real * r("e3#$#8") and (r("e3#$#14")
    === (1/1).Real + (-5404319552844595/18014398509481984).Real * r("e3#$#7")
    and (not b("e3#$#8") and (b("e3#$#6") and (r("e3#$#7") <= (7/2).Real and ((
    3/2).Real <= r("e3#$#7") and ((0/1).Real <= r("e3#$#7") and (r("e3#$#8") <=
    (2/1).Real and ((0/1).Real <= r("e3#$#8") and (r("e3#$#7") <= r("e3#$#8")
    and (r("e3#$#9") <= (11/2).Real and ((7/2).Real <= r("e3#$#9") and (r(
    "e3#$#8") <= r("e3#$#9") and (r("e3#$#10") <= (5/1).Real and ((3/1).Real <=
    r("e3#$#10") and (r("e3#$#9") <= r("e3#$#10") and (r("e3#$#11") === (
    5/1).Real and (r("e3#$#10") <= r("e3#$#11") and r("e3#$#12") === (
    1/1).Real)))))))))))))))))) or (r("e3#$#13") === (1/1).Real + ((
    -14411518807585587/18014398509481984).Real * r("e3#$#9") + (1/2).Real * r(
    "e3#$#11")) and (r("e3#$#15") === r("#$#1") + (
    -3602879701896397/36028797018963968).Real * r("e3#$#8") and (r("e3#$#14")
    === (1/1).Real + (-5404319552844595/18014398509481984).Real * r("e3#$#7")
    and (r("e3#$#11") === (5/1).Real and (r("e3#$#10") <= r("e3#$#11") and (not
    b("e3#$#9") and (b("e3#$#5") and (r("e3#$#7") <= (7/2).Real and ((3/2).Real
    <= r("e3#$#7") and ((0/1).Real <= r("e3#$#7") and (r("e3#$#8") <= (
    2/1).Real and ((0/1).Real <= r("e3#$#8") and (r("e3#$#7") <= r("e3#$#8")
    and (r("e3#$#9") <= (5/1).Real and ((3/1).Real <= r("e3#$#9") and (r(
    "e3#$#8") <= r("e3#$#9") and (r("e3#$#10") <= (11/2).Real and ((7/2).Real
    <= r("e3#$#10") and (r("e3#$#9") <= r("e3#$#10") and r("e3#$#12") === (
    1/1).Real)))))))))))))))))) or (r("e3#$#13") === (1/1).Real + ((1/2).Real *
    r("e3#$#11") + (-14411518807585587/18014398509481984).Real * r("e3#$#10"))
    and (r("e3#$#15") === r("#$#1") + (
    -3602879701896397/36028797018963968).Real * r("e3#$#8") and (r("e3#$#14")
    === (1/1).Real + (-5404319552844595/18014398509481984).Real * r("e3#$#7")
    and (b("e3#$#5") and (not b("e3#$#6") and (r("e3#$#7") <= (7/2).Real and ((
    3/2).Real <= r("e3#$#7") and ((0/1).Real <= r("e3#$#7") and (r("e3#$#8") <=
    (2/1).Real and ((0/1).Real <= r("e3#$#8") and (r("e3#$#7") <= r("e3#$#8")
    and (r("e3#$#9") <= (11/2).Real and ((7/2).Real <= r("e3#$#9") and (r(
    "e3#$#8") <= r("e3#$#9") and (r("e3#$#10") <= (5/1).Real and ((3/1).Real <=
    r("e3#$#10") and (r("e3#$#9") <= r("e3#$#10") and (r("e3#$#11") === (
    5/1).Real and (r("e3#$#10") <= r("e3#$#11") and r("e3#$#12") === (
    1/1).Real)))))))))))))))))) or (r("e3#$#13") === (1/1).Real + ((
    14411518807585587/18014398509481984).Real * r("e3#$#10") + ((
    -14411518807585587/18014398509481984).Real * r("e3#$#9") + (
    -5404319552844595/18014398509481984).Real * r("e3#$#11"))) and (r(
    "e3#$#15") === r("#$#1") + (-3602879701896397/36028797018963968).Real * r(
    "e3#$#8") and (r("e3#$#14") === (1/1).Real + (
    -5404319552844595/18014398509481984).Real * r("e3#$#7") and (b("e3#$#8")
    and (b("e3#$#6") and (r("e3#$#7") <= (7/2).Real and ((3/2).Real <= r(
    "e3#$#7") and ((0/1).Real <= r("e3#$#7") and (r("e3#$#8") <= (2/1).Real and
    ((0/1).Real <= r("e3#$#8") and (r("e3#$#7") <= r("e3#$#8") and (r("e3#$#9")
    <= (11/2).Real and ((7/2).Real <= r("e3#$#9") and (r("e3#$#8") <= r(
    "e3#$#9") and (r("e3#$#10") <= (5/1).Real and ((3/1).Real <= r("e3#$#10")
    and (r("e3#$#9") <= r("e3#$#10") and (r("e3#$#11") === (5/1).Real and (r(
    "e3#$#10") <= r("e3#$#11") and r("e3#$#12") === (
    0/1).Real)))))))))))))))))) or (r("e3#$#13") === (1/1).Real + ((1/2).Real *
    r("e3#$#11") + (-14411518807585587/18014398509481984).Real * r("e3#$#10"))
    and (r("e3#$#15") === r("#$#1") + (
    -3602879701896397/36028797018963968).Real * r("e3#$#8") and (r("e3#$#14")
    === (1/1).Real + (-5404319552844595/18014398509481984).Real * r("e3#$#7")
    and (b("e3#$#6") and (not b("e3#$#5") and (r("e3#$#7") <= (7/2).Real and ((
    3/2).Real <= r("e3#$#7") and ((0/1).Real <= r("e3#$#7") and (r("e3#$#8") <=
    (2/1).Real and ((0/1).Real <= r("e3#$#8") and (r("e3#$#7") <= r("e3#$#8")
    and (r("e3#$#9") <= (5/1).Real and ((3/1).Real <= r("e3#$#9") and (r(
    "e3#$#8") <= r("e3#$#9") and (r("e3#$#10") <= (11/2).Real and ((7/2).Real
    <= r("e3#$#10") and (r("e3#$#9") <= r("e3#$#10") and (r("e3#$#11") === (
    5/1).Real and (r("e3#$#10") <= r("e3#$#11") and r("e3#$#12") === (
    1/1).Real)))))))))))))))))) or (r("e3#$#13") === (1/1).Real + ((
    14411518807585587/18014398509481984).Real * r("e3#$#10") + ((
    -14411518807585587/18014398509481984).Real * r("e3#$#9") + (
    -5404319552844595/18014398509481984).Real * r("e3#$#11"))) and (r(
    "e3#$#15") === r("#$#1") + (-3602879701896397/36028797018963968).Real * r(
    "e3#$#8") and (r("e3#$#14") === (1/1).Real + (
    -5404319552844595/18014398509481984).Real * r("e3#$#7") and (b("e3#$#9")
    and (b("e3#$#5") and (r("e3#$#7") <= (7/2).Real and ((3/2).Real <= r(
    "e3#$#7") and ((0/1).Real <= r("e3#$#7") and (r("e3#$#8") <= (2/1).Real and
    ((0/1).Real <= r("e3#$#8") and (r("e3#$#7") <= r("e3#$#8") and (r("e3#$#9")
    <= (5/1).Real and ((3/1).Real <= r("e3#$#9") and (r("e3#$#8") <= r(
    "e3#$#9") and (r("e3#$#10") <= (11/2).Real and ((7/2).Real <= r("e3#$#10")
    and (r("e3#$#9") <= r("e3#$#10") and (r("e3#$#11") === (5/1).Real and (r(
    "e3#$#10") <= r("e3#$#11") and r("e3#$#12") === (
    0/1).Real)))))))))))))))))) or (r("e3#$#13") === (1/1).Real + (
    -5404319552844595/18014398509481984).Real * r("e3#$#11") and (r("e3#$#15")
    === r("#$#1") + (-3602879701896397/36028797018963968).Real * r("e3#$#8")
    and (r("e3#$#14") === (1/1).Real + (
    -5404319552844595/18014398509481984).Real * r("e3#$#7") and (not b(
    "e3#$#5") and (not b("e3#$#6") and (r("e3#$#7") <= (7/2).Real and ((
    3/2).Real <= r("e3#$#7") and ((0/1).Real <= r("e3#$#7") and (r("e3#$#8") <=
    (2/1).Real and ((0/1).Real <= r("e3#$#8") and (r("e3#$#7") <= r("e3#$#8")
    and (r("e3#$#9") <= (11/2).Real and ((7/2).Real <= r("e3#$#9") and (r(
    "e3#$#8") <= r("e3#$#9") and (r("e3#$#10") <= (5/1).Real and ((3/1).Real <=
    r("e3#$#10") and (r("e3#$#9") <= r("e3#$#10") and (r("e3#$#11") === (
    5/1).Real and (r("e3#$#10") <= r("e3#$#11") and r("e3#$#12") === (
    0/1).Real)))))))))))))))))) or r("e3#$#13") === (1/1).Real + (
    -5404319552844595/18014398509481984).Real * r("e3#$#11") and (r("e3#$#15")
    === r("#$#1") + (-3602879701896397/36028797018963968).Real * r("e3#$#8")
    and (r("e3#$#14") === (1/1).Real + (
    -5404319552844595/18014398509481984).Real * r("e3#$#7") and (r("e3#$#11")
    === (5/1).Real and (r("e3#$#10") <= r("e3#$#11") and (not b("e3#$#6") and (
    not b("e3#$#5") and (r("e3#$#7") <= (7/2).Real and ((3/2).Real <= r(
    "e3#$#7") and ((0/1).Real <= r("e3#$#7") and (r("e3#$#8") <= (2/1).Real and
    ((0/1).Real <= r("e3#$#8") and (r("e3#$#7") <= r("e3#$#8") and (r("e3#$#9")
    <= (5/1).Real and ((3/1).Real <= r("e3#$#9") and (r("e3#$#8") <= r(
    "e3#$#9") and (r("e3#$#10") <= (11/2).Real and ((7/2).Real <= r("e3#$#10")
    and (r("e3#$#9") <= r("e3#$#10") and r("e3#$#12") === (
    0/1).Real))))))))))))))))))))))))))))))] || < e : Env | properties : ((
    TimingProperties::Period => {{(5).NzNat}}) ;
    HybridSynchAADL::MaxClockDeviation => {{5.0e-1}}),features : (< a :
    EnvOutPort | content : [r("e3#$#16")] # [b("e3#$#10")],envCache : [r(
    "e3#$#16")] # [b("e3#$#10")],target : cr1 > < b : EnvOutPort | content : [
    r("e3#$#17")] # [b("e3#$#11")],envCache : [r("e3#$#17")] # [b("e3#$#11")],
    target : cr2 > < on1 : EnvInPort | content : [(0/1).Real] # [(
    false).Boolean],envCache : [r("e3#$#5")] # [b("e3#$#5")],target : cr1 > <
    on2 : EnvInPort | content : [(0/1).Real] # [(false).Boolean],envCache : [r(
    "e3#$#6")] # [b("e3#$#6")],target : cr2 > < off1 : EnvInPort | content : [(
    false).Boolean] # [(false).Boolean],envCache : [b("e3#$#7")] # [b(
    "e3#$#8")],target : cr1 > < off2 : EnvInPort | content : * # [(
    false).Boolean],envCache : * # [b("e3#$#9")],target : cr2 >),subcomponents
    : (< x : Data | properties : none,features : none,subcomponents : none,
    connections : empty,value : [r("#$#1") - (
    3602879701896397/36028797018963968).Real * (r("e3#$#7") - (0/1).Real) - (
    3602879701896397/36028797018963968).Real * (r("e3#$#8") - r("e3#$#7")) - (
    3602879701896397/36028797018963968).Real * (r("e3#$#9") - r("e3#$#8")) - (
    3602879701896397/36028797018963968).Real * (r("e3#$#10") - r("e3#$#9")) - (
    3602879701896397/36028797018963968).Real * (r("e3#$#11") - r("e3#$#10"))] #
    [(true).Boolean] > < y : Data | properties : none,features : none,
    subcomponents : none,connections : empty,value : [r("e3#$#13")] # [(
    true).Boolean] >),connections : ((x ==> a) ; y ==> b),varGen : < "e3",18,12
    >,currMode : loc([r("e3#$#12")]),jumps : ((loc([(0/1).Real]) -[on1]-> loc([
    (1/1).Real])) ; (loc([(0/1).Real]) -[on2]-> loc([(1/1).Real])) ; (loc([(
    1/1).Real]) -[off1]-> loc([(0/1).Real])) ; loc([(1/1).Real]) -[off2]-> loc(
    [(0/1).Real])),flows : ((loc([(0/1).Real]) [(x(t)= (c[x] - (v[t] * [[
    1.0000000000000001e-1]]))) ; y(s)= (c[y] - (v[s] * [[
    2.9999999999999999e-1]]))]) ; loc([(1/1).Real]) [(x(t)= (c[x] - (v[t] * [[
    1.0000000000000001e-1]]))) ; y(s)= (c[y] + (v[s] * [[5.0e-1]]))]),sampling
    : (cr1 :(0,1), cr2 :(3/2,5/2)),response : (cr1 :(3,4), cr2 :(7/2,9/2)) >

No more solutions.
states: 1  rewrites: 9321
==========================================
search in TEST-ENV-DYNAMICS : executeStep(bool(true), env5) =>* C:ConstConfig .

Solution 1 (state 0)
states: 1  rewrites: 17610
C:ConstConfig --> [(0/1).Real === r("#$#0") and ((0/1).Real === r("#$#1") and (
    b("#$#2") and (r("a#$#0") === r("e2#$#15") and (r("b#$#0") === r("e2#$#14")
    and ((r("e2#$#14") === (1/1).Real + ((1/2).Real * r("e2#$#9") + (
    -14411518807585587/18014398509481984).Real * r("e2#$#8")) and (r("e2#$#13")
    === (1/1).Real + ((-14411518807585587/18014398509481984).Real * r("e2#$#8")
    + (1/2).Real * r("e2#$#11")) and ((b("e2#$#9") and (b("e2#$#5") and (r(
    "e2#$#7") <= (2/1).Real and ((0/1).Real <= r("e2#$#7") and (r("e2#$#8") <=
    (5/1).Real and ((3/1).Real <= r("e2#$#8") and (r("e2#$#7") <= r("e2#$#8")
    and (r("e2#$#9") <= (7/2).Real and ((3/2).Real <= r("e2#$#9") and (r(
    "e2#$#8") <= r("e2#$#9") and (r("e2#$#10") <= (11/2).Real and ((7/2).Real
    <= r("e2#$#10") and (r("e2#$#9") <= r("e2#$#10") and (r("e2#$#11") === (
    5/1).Real and r("e2#$#10") <= r("e2#$#11")))))))))))))) or r("e2#$#11") ===
    (5/1).Real and (r("e2#$#10") <= r("e2#$#11") and (not b("e2#$#9") and (b(
    "e2#$#5") and (r("e2#$#7") <= (2/1).Real and ((0/1).Real <= r("e2#$#7") and
    (r("e2#$#8") <= (5/1).Real and ((3/1).Real <= r("e2#$#8") and (r("e2#$#7")
    <= r("e2#$#8") and (r("e2#$#9") <= (7/2).Real and ((3/2).Real <= r(
    "e2#$#9") and (r("e2#$#8") <= r("e2#$#9") and (r("e2#$#10") <= (11/2).Real
    and ((7/2).Real <= r("e2#$#10") and r("e2#$#9") <= r(
    "e2#$#10"))))))))))))))) and r("e2#$#12") === (1/1).Real) or r("e2#$#13")
    === (1/1).Real + ((-14411518807585587/18014398509481984).Real * r("e2#$#8")
    + ((14411518807585587/18014398509481984).Real * r("e2#$#10") + (
    -5404319552844595/18014398509481984).Real * r("e2#$#11"))) and (b("e2#$#9")
    and (b("e2#$#5") and (r("e2#$#7") <= (2/1).Real and ((0/1).Real <= r(
    "e2#$#7") and (r("e2#$#8") <= (5/1).Real and ((3/1).Real <= r("e2#$#8") and
    (r("e2#$#7") <= r("e2#$#8") and (r("e2#$#9") <= (7/2).Real and ((3/2).Real
    <= r("e2#$#9") and (r("e2#$#8") <= r("e2#$#9") and (r("e2#$#10") <= (
    11/2).Real and ((7/2).Real <= r("e2#$#10") and (r("e2#$#9") <= r("e2#$#10")
    and (r("e2#$#11") === (5/1).Real and (r("e2#$#10") <= r("e2#$#11") and r(
    "e2#$#12") === (0/1).Real)))))))))))))))) or (r("e2#$#13") === (1/1).Real +
    ((-14411518807585587/18014398509481984).Real * r("e2#$#9") + (1/2).Real *
    r("e2#$#11")) and (r("e2#$#14") === (1/1).Real + (
    -5404319552844595/18014398509481984).Real * r("e2#$#8") and (b("e2#$#8")
    and (b("e2#$#6") and (r("e2#$#7") <= (2/1).Real and ((0/1).Real <= r(
    "e2#$#7") and (r("e2#$#8") <= (7/2).Real and ((3/2).Real <= r("e2#$#8") and
    (r("e2#$#7") <= r("e2#$#8") and (r("e2#$#9") <= (11/2).Real and ((7/2).Real
    <= r("e2#$#9") and (r("e2#$#8") <= r("e2#$#9") and (r("e2#$#10") <= (
    5/1).Real and ((3/1).Real <= r("e2#$#10") and (r("e2#$#9") <= r("e2#$#10")
    and (r("e2#$#11") === (5/1).Real and (r("e2#$#10") <= r("e2#$#11") and r(
    "e2#$#12") === (1/1).Real)))))))))))))))) or (r("e2#$#13") === (1/1).Real +
    ((-14411518807585587/18014398509481984).Real * r("e2#$#9") + (1/2).Real *
    r("e2#$#11")) and (r("e2#$#14") === (1/1).Real + (
    -5404319552844595/18014398509481984).Real * r("e2#$#8") and (b("e2#$#9")
    and (b("e2#$#5") and (r("e2#$#7") <= (2/1).Real and ((0/1).Real <= r(
    "e2#$#7") and (r("e2#$#8") <= (7/2).Real and ((3/2).Real <= r("e2#$#8") and
    (r("e2#$#7") <= r("e2#$#8") and (r("e2#$#9") <= (5/1).Real and ((3/1).Real
    <= r("e2#$#9") and (r("e2#$#8") <= r("e2#$#9") and (r("e2#$#10") <= (
    11/2).Real and ((7/2).Real <= r("e2#$#10") and (r("e2#$#9") <= r("e2#$#10")
    and (r("e2#$#11") === (5/1).Real and (r("e2#$#10") <= r("e2#$#11") and r(
    "e2#$#12") === (1/1).Real)))))))))))))))) or (r("e2#$#13") === (1/1).Real +
    ((-14411518807585587/18014398509481984).Real * r("e2#$#9") + (1/2).Real *
    r("e2#$#11")) and (r("e2#$#14") === (1/1).Real + (
    -5404319552844595/18014398509481984).Real * r("e2#$#8") and (r("e2#$#11")
    === (5/1).Real and (r("e2#$#10") <= r("e2#$#11") and (not b("e2#$#9") and (
    b("e2#$#5") and (r("e2#$#7") <= (2/1).Real and ((0/1).Real <= r("e2#$#7")
    and (r("e2#$#8") <= (7/2).Real and ((3/2).Real <= r("e2#$#8") and (r(
    "e2#$#7") <= r("e2#$#8") and (r("e2#$#9") <= (5/1).Real and ((3/1).Real <=
    r("e2#$#9") and (r("e2#$#8") <= r("e2#$#9") and (r("e2#$#10") <= (
    11/2).Real and ((7/2).Real <= r("e2#$#10") and (r("e2#$#9") <= r("e2#$#10")
    and r("e2#$#12") === (1/1).Real)))))))))))))))) or (r("e2#$#13") === (
    1/1).Real + ((-14411518807585587/18014398509481984).Real * r("e2#$#9") + (
    1/2).Real * r("e2#$#11")) and (r("e2#$#14") === (1/1).Real + (
    -5404319552844595/18014398509481984).Real * r("e2#$#8") and (not b(
    "e2#$#8") and (b("e2#$#6") and (r("e2#$#7") <= (2/1).Real and ((0/1).Real
    <= r("e2#$#7") and (r("e2#$#8") <= (7/2).Real and ((3/2).Real <= r(
    "e2#$#8") and (r("e2#$#7") <= r("e2#$#8") and (r("e2#$#9") <= (11/2).Real
    and ((7/2).Real <= r("e2#$#9") and (r("e2#$#8") <= r("e2#$#9") and (r(
    "e2#$#10") <= (5/1).Real and ((3/1).Real <= r("e2#$#10") and (r("e2#$#9")
    <= r("e2#$#10") and (r("e2#$#11") === (5/1).Real and (r("e2#$#10") <= r(
    "e2#$#11") and r("e2#$#12") === (1/1).Real)))))))))))))))) or (r("e2#$#13")
    === (1/1).Real + ((1/2).Real * r("e2#$#11") + (
    -14411518807585587/18014398509481984).Real * r("e2#$#10")) and (r(
    "e2#$#14") === (1/1).Real + (-5404319552844595/18014398509481984).Real * r(
    "e2#$#8") and (b("e2#$#5") and (b("e2#$#6") and (r("e2#$#7") <= (2/1).Real
    and ((0/1).Real <= r("e2#$#7") and (r("e2#$#8") <= (7/2).Real and ((
    3/2).Real <= r("e2#$#8") and (r("e2#$#7") <= r("e2#$#8") and (r("e2#$#9")
    <= (11/2).Real and ((7/2).Real <= r("e2#$#9") and (r("e2#$#8") <= r(
    "e2#$#9") and (r("e2#$#10") <= (5/1).Real and ((3/1).Real <= r("e2#$#10")
    and (r("e2#$#9") <= r("e2#$#10") and (r("e2#$#11") === (5/1).Real and (r(
    "e2#$#10") <= r("e2#$#11") and r("e2#$#12") === (1/1).Real))))))))))))))))
    or (r("e2#$#13") === (1/1).Real + ((1/2).Real * r("e2#$#11") + (
    -14411518807585587/18014398509481984).Real * r("e2#$#10")) and (r(
    "e2#$#14") === (1/1).Real + (-5404319552844595/18014398509481984).Real * r(
    "e2#$#8") and (b("e2#$#5") and (not b("e2#$#6") and (r("e2#$#7") <= (
    2/1).Real and ((0/1).Real <= r("e2#$#7") and (r("e2#$#8") <= (7/2).Real and
    ((3/2).Real <= r("e2#$#8") and (r("e2#$#7") <= r("e2#$#8") and (r("e2#$#9")
    <= (11/2).Real and ((7/2).Real <= r("e2#$#9") and (r("e2#$#8") <= r(
    "e2#$#9") and (r("e2#$#10") <= (5/1).Real and ((3/1).Real <= r("e2#$#10")
    and (r("e2#$#9") <= r("e2#$#10") and (r("e2#$#11") === (5/1).Real and (r(
    "e2#$#10") <= r("e2#$#11") and r("e2#$#12") === (1/1).Real))))))))))))))))
    or (r("e2#$#13") === (1/1).Real + ((1/2).Real * r("e2#$#11") + (
    -14411518807585587/18014398509481984).Real * r("e2#$#10")) and (r(
    "e2#$#14") === (1/1).Real + (-5404319552844595/18014398509481984).Real * r(
    "e2#$#8") and (b("e2#$#6") and (b("e2#$#5") and (r("e2#$#7") <= (2/1).Real
    and ((0/1).Real <= r("e2#$#7") and (r("e2#$#8") <= (7/2).Real and ((
    3/2).Real <= r("e2#$#8") and (r("e2#$#7") <= r("e2#$#8") and (r("e2#$#9")
    <= (5/1).Real and ((3/1).Real <= r("e2#$#9") and (r("e2#$#8") <= r(
    "e2#$#9") and (r("e2#$#10") <= (11/2).Real and ((7/2).Real <= r("e2#$#10")
    and (r("e2#$#9") <= r("e2#$#10") and (r("e2#$#11") === (5/1).Real and (r(
    "e2#$#10") <= r("e2#$#11") and r("e2#$#12") === (1/1).Real))))))))))))))))
    or (r("e2#$#13") === (1/1).Real + ((1/2).Real * r("e2#$#11") + (
    -14411518807585587/18014398509481984).Real * r("e2#$#10")) and (r(
    "e2#$#14") === (1/1).Real + (-5404319552844595/18014398509481984).Real * r(
    "e2#$#8") and (b("e2#$#6") and (not b("e2#$#5") and (r("e2#$#7") <= (
    2/1).Real and ((0/1).Real <= r("e2#$#7") and (r("e2#$#8") <= (7/2).Real and
    ((3/2).Real <= r("e2#$#8") and (r("e2#$#7") <= r("e2#$#8") and (r("e2#$#9")
    <= (5/1).Real and ((3/1).Real <= r("e2#$#9") and (r("e2#$#8") <= r(
    "e2#$#9") and (r("e2#$#10") <= (11/2).Real and ((7/2).Real <= r("e2#$#10")
    and (r("e2#$#9") <= r("e2#$#10") and (r("e2#$#11") === (5/1).Real and (r(
    "e2#$#10") <= r("e2#$#11") and r("e2#$#12") === (1/1).Real))))))))))))))))
    or (r("e2#$#13") === (1/1).Real + ((
    14411518807585587/18014398509481984).Real * r("e2#$#10") + ((
    -14411518807585587/18014398509481984).Real * r("e2#$#9") + (
    -5404319552844595/18014398509481984).Real * r("e2#$#11"))) and (r(
    "e2#$#14") === (1/1).Real + (-5404319552844595/18014398509481984).Real * r(
    "e2#$#8") and (b("e2#$#9") and (b("e2#$#5") and (r("e2#$#7") <= (2/1).Real
    and ((0/1).Real <= r("e2#$#7") and (r("e2#$#8") <= (7/2).Real and ((
    3/2).Real <= r("e2#$#8") and (r("e2#$#7") <= r("e2#$#8") and (r("e2#$#9")
    <= (5/1).Real and ((3/1).Real <= r("e2#$#9") and (r("e2#$#8") <= r(
    "e2#$#9") and (r("e2#$#10") <= (11/2).Real and ((7/2).Real <= r("e2#$#10")
    and (r("e2#$#9") <= r("e2#$#10") and (r("e2#$#11") === (5/1).Real and (r(
    "e2#$#10") <= r("e2#$#11") and r("e2#$#12") === (0/1).Real))))))))))))))))
    or (r("e2#$#13") === (1/1).Real + ((
    14411518807585587/18014398509481984).Real * r("e2#$#10") + ((
    -14411518807585587/18014398509481984).Real * r("e2#$#9") + (
    -5404319552844595/18014398509481984).Real * r("e2#$#11"))) and (r(
    "e2#$#14") === (1/1).Real + (-5404319552844595/18014398509481984).Real * r(
    "e2#$#8") and (b("e2#$#8") and (b("e2#$#6") and (r("e2#$#7") <= (2/1).Real
    and ((0/1).Real <= r("e2#$#7") and (r("e2#$#8") <= (7/2).Real and ((
    3/2).Real <= r("e2#$#8") and (r("e2#$#7") <= r("e2#$#8") and (r("e2#$#9")
    <= (11/2).Real and ((7/2).Real <= r("e2#$#9") and (r("e2#$#8") <= r(
    "e2#$#9") and (r("e2#$#10") <= (5/1).Real and ((3/1).Real <= r("e2#$#10")
    and (r("e2#$#9") <= r("e2#$#10") and (r("e2#$#11") === (5/1).Real and (r(
    "e2#$#10") <= r("e2#$#11") and r("e2#$#12") === (0/1).Real))))))))))))))))
    or (r("e2#$#13") === (1/1).Real + (
    -5404319552844595/18014398509481984).Real * r("e2#$#11") and (r("e2#$#14")
    === (1/1).Real + (-5404319552844595/18014398509481984).Real * r("e2#$#8")
    and (b("e2#$#5") and (not b("e2#$#6") and (r("e2#$#7") <= (2/1).Real and ((
    0/1).Real <= r("e2#$#7") and (r("e2#$#8") <= (7/2).Real and ((3/2).Real <=
    r("e2#$#8") and (r("e2#$#7") <= r("e2#$#8") and (r("e2#$#9") <= (11/2).Real
    and ((7/2).Real <= r("e2#$#9") and (r("e2#$#8") <= r("e2#$#9") and (r(
    "e2#$#10") <= (5/1).Real and ((3/1).Real <= r("e2#$#10") and (r("e2#$#9")
    <= r("e2#$#10") and (r("e2#$#11") === (5/1).Real and (r("e2#$#10") <= r(
    "e2#$#11") and r("e2#$#12") === (0/1).Real)))))))))))))))) or (r("e2#$#13")
    === (1/1).Real + (-5404319552844595/18014398509481984).Real * r("e2#$#11")
    and (r("e2#$#14") === (1/1).Real + (
    -5404319552844595/18014398509481984).Real * r("e2#$#8") and (b("e2#$#5")
    and (b("e2#$#6") and (r("e2#$#7") <= (2/1).Real and ((0/1).Real <= r(
    "e2#$#7") and (r("e2#$#8") <= (7/2).Real and ((3/2).Real <= r("e2#$#8") and
    (r("e2#$#7") <= r("e2#$#8") and (r("e2#$#9") <= (11/2).Real and ((7/2).Real
    <= r("e2#$#9") and (r("e2#$#8") <= r("e2#$#9") and (r("e2#$#10") <= (
    5/1).Real and ((3/1).Real <= r("e2#$#10") and (r("e2#$#9") <= r("e2#$#10")
    and (r("e2#$#11") === (5/1).Real and (r("e2#$#10") <= r("e2#$#11") and r(
    "e2#$#12") === (0/1).Real)))))))))))))))) or (r("e2#$#13") === (1/1).Real +
    (-5404319552844595/18014398509481984).Real * r("e2#$#11") and (r("e2#$#14")
    === (1/1).Real + (-5404319552844595/18014398509481984).Real * r("e2#$#8")
    and (b("e2#$#6") and (b("e2#$#5") and (r("e2#$#7") <= (2/1).Real and ((
    0/1).Real <= r("e2#$#7") and (r("e2#$#8") <= (7/2).Real and ((3/2).Real <=
    r("e2#$#8") and (r("e2#$#7") <= r("e2#$#8") and (r("e2#$#9") <= (5/1).Real
    and ((3/1).Real <= r("e2#$#9") and (r("e2#$#8") <= r("e2#$#9") and (r(
    "e2#$#10") <= (11/2).Real and ((7/2).Real <= r("e2#$#10") and (r("e2#$#9")
    <= r("e2#$#10") and (r("e2#$#11") === (5/1).Real and (r("e2#$#10") <= r(
    "e2#$#11") and r("e2#$#12") === (0/1).Real)))))))))))))))) or (r("e2#$#13")
    === (1/1).Real + (-5404319552844595/18014398509481984).Real * r("e2#$#11")
    and (r("e2#$#14") === (1/1).Real + (
    -5404319552844595/18014398509481984).Real * r("e2#$#8") and (b("e2#$#6")
    and (not b("e2#$#5") and (r("e2#$#7") <= (2/1).Real and ((0/1).Real <= r(
    "e2#$#7") and (r("e2#$#8") <= (7/2).Real and ((3/2).Real <= r("e2#$#8") and
    (r("e2#$#7") <= r("e2#$#8") and (r("e2#$#9") <= (5/1).Real and ((3/1).Real
    <= r("e2#$#9") and (r("e2#$#8") <= r("e2#$#9") and (r("e2#$#10") <= (
    11/2).Real and ((7/2).Real <= r("e2#$#10") and (r("e2#$#9") <= r("e2#$#10")
    and (r("e2#$#11") === (5/1).Real and (r("e2#$#10") <= r("e2#$#11") and r(
    "e2#$#12") === (0/1).Real)))))))))))))))) or (r("e2#$#13") === (1/1).Real +
    (-5404319552844595/18014398509481984).Real * r("e2#$#11") and (r("e2#$#14")
    === (1/1).Real + (-5404319552844595/18014398509481984).Real * r("e2#$#8")
    and (not b("e2#$#5") and (b("e2#$#6") and (r("e2#$#7") <= (2/1).Real and ((
    0/1).Real <= r("e2#$#7") and (r("e2#$#8") <= (7/2).Real and ((3/2).Real <=
    r("e2#$#8") and (r("e2#$#7") <= r("e2#$#8") and (r("e2#$#9") <= (11/2).Real
    and ((7/2).Real <= r("e2#$#9") and (r("e2#$#8") <= r("e2#$#9") and (r(
    "e2#$#10") <= (5/1).Real and ((3/1).Real <= r("e2#$#10") and (r("e2#$#9")
    <= r("e2#$#10") and (r("e2#$#11") === (5/1).Real and (r("e2#$#10") <= r(
    "e2#$#11") and r("e2#$#12") === (0/1).Real)))))))))))))))) or (r("e2#$#13")
    === (1/1).Real + (-5404319552844595/18014398509481984).Real * r("e2#$#11")
    and (r("e2#$#14") === (1/1).Real + (
    -5404319552844595/18014398509481984).Real * r("e2#$#8") and (not b(
    "e2#$#5") and (not b("e2#$#6") and (r("e2#$#7") <= (2/1).Real and ((
    0/1).Real <= r("e2#$#7") and (r("e2#$#8") <= (7/2).Real and ((3/2).Real <=
    r("e2#$#8") and (r("e2#$#7") <= r("e2#$#8") and (r("e2#$#9") <= (11/2).Real
    and ((7/2).Real <= r("e2#$#9") and (r("e2#$#8") <= r("e2#$#9") and (r(
    "e2#$#10") <= (5/1).Real and ((3/1).Real <= r("e2#$#10") and (r("e2#$#9")
    <= r("e2#$#10") and (r("e2#$#11") === (5/1).Real and (r("e2#$#10") <= r(
    "e2#$#11") and r("e2#$#12") === (0/1).Real)))))))))))))))) or (r("e2#$#13")
    === (1/1).Real + (-5404319552844595/18014398509481984).Real * r("e2#$#11")
    and (r("e2#$#14") === (1/1).Real + (
    -5404319552844595/18014398509481984).Real * r("e2#$#8") and (r("e2#$#11")
    === (5/1).Real and (r("e2#$#10") <= r("e2#$#11") and (not b("e2#$#6") and (
    b("e2#$#5") and (r("e2#$#7") <= (2/1).Real and ((0/1).Real <= r("e2#$#7")
    and (r("e2#$#8") <= (7/2).Real and ((3/2).Real <= r("e2#$#8") and (r(
    "e2#$#7") <= r("e2#$#8") and (r("e2#$#9") <= (5/1).Real and ((3/1).Real <=
    r("e2#$#9") and (r("e2#$#8") <= r("e2#$#9") and (r("e2#$#10") <= (
    11/2).Real and ((7/2).Real <= r("e2#$#10") and (r("e2#$#9") <= r("e2#$#10")
    and r("e2#$#12") === (0/1).Real)))))))))))))))) or (r("e2#$#13") === (
    1/1).Real + (-5404319552844595/18014398509481984).Real * r("e2#$#11") and (
    r("e2#$#14") === (1/1).Real + (-5404319552844595/18014398509481984).Real *
    r("e2#$#8") and (r("e2#$#11") === (5/1).Real and (r("e2#$#10") <= r(
    "e2#$#11") and (not b("e2#$#6") and (not b("e2#$#5") and (r("e2#$#7") <= (
    2/1).Real and ((0/1).Real <= r("e2#$#7") and (r("e2#$#8") <= (7/2).Real and
    ((3/2).Real <= r("e2#$#8") and (r("e2#$#7") <= r("e2#$#8") and (r("e2#$#9")
    <= (5/1).Real and ((3/1).Real <= r("e2#$#9") and (r("e2#$#8") <= r(
    "e2#$#9") and (r("e2#$#10") <= (11/2).Real and ((7/2).Real <= r("e2#$#10")
    and (r("e2#$#9") <= r("e2#$#10") and r("e2#$#12") === (
    0/1).Real)))))))))))))))) or (r("e2#$#13") === (1/1).Real + ((1/2).Real *
    r("e2#$#11") + (-14411518807585587/18014398509481984).Real * r("e2#$#10"))
    and (r("e2#$#14") === (1/1).Real + (
    -5404319552844595/18014398509481984).Real * r("e2#$#9") and (b("e2#$#6")
    and (b("e2#$#5") and (r("e2#$#7") <= (2/1).Real and ((0/1).Real <= r(
    "e2#$#7") and (r("e2#$#8") <= (5/1).Real and ((3/1).Real <= r("e2#$#8") and
    (r("e2#$#7") <= r("e2#$#8") and (r("e2#$#9") <= (7/2).Real and ((3/2).Real
    <= r("e2#$#9") and (r("e2#$#8") <= r("e2#$#9") and (r("e2#$#10") <= (
    11/2).Real and ((7/2).Real <= r("e2#$#10") and (r("e2#$#9") <= r("e2#$#10")
    and (r("e2#$#11") === (5/1).Real and (r("e2#$#10") <= r("e2#$#11") and r(
    "e2#$#12") === (1/1).Real)))))))))))))))) or (r("e2#$#13") === (1/1).Real +
    (-5404319552844595/18014398509481984).Real * r("e2#$#11") and (r("e2#$#14")
    === (1/1).Real + (-5404319552844595/18014398509481984).Real * r("e2#$#9")
    and (b("e2#$#6") and (b("e2#$#5") and (r("e2#$#7") <= (2/1).Real and ((
    0/1).Real <= r("e2#$#7") and (r("e2#$#8") <= (5/1).Real and ((3/1).Real <=
    r("e2#$#8") and (r("e2#$#7") <= r("e2#$#8") and (r("e2#$#9") <= (7/2).Real
    and ((3/2).Real <= r("e2#$#9") and (r("e2#$#8") <= r("e2#$#9") and (r(
    "e2#$#10") <= (11/2).Real and ((7/2).Real <= r("e2#$#10") and (r("e2#$#9")
    <= r("e2#$#10") and (r("e2#$#11") === (5/1).Real and (r("e2#$#10") <= r(
    "e2#$#11") and r("e2#$#12") === (0/1).Real)))))))))))))))) or (r("e2#$#13")
    === (1/1).Real + ((1/2).Real * r("e2#$#11") + (
    -14411518807585587/18014398509481984).Real * r("e2#$#10")) and (r(
    "e2#$#14") === (1/1).Real + (-5404319552844595/18014398509481984).Real * r(
    "e2#$#9") and (b("e2#$#6") and (not b("e2#$#5") and (r("e2#$#7") <= (
    2/1).Real and ((0/1).Real <= r("e2#$#7") and (r("e2#$#8") <= (5/1).Real and
    ((3/1).Real <= r("e2#$#8") and (r("e2#$#7") <= r("e2#$#8") and (r("e2#$#9")
    <= (7/2).Real and ((3/2).Real <= r("e2#$#9") and (r("e2#$#8") <= r(
    "e2#$#9") and (r("e2#$#10") <= (11/2).Real and ((7/2).Real <= r("e2#$#10")
    and (r("e2#$#9") <= r("e2#$#10") and (r("e2#$#11") === (5/1).Real and (r(
    "e2#$#10") <= r("e2#$#11") and r("e2#$#12") === (1/1).Real))))))))))))))))
    or (r("e2#$#13") === (1/1).Real + (
    -5404319552844595/18014398509481984).Real * r("e2#$#11") and (r("e2#$#14")
    === (1/1).Real + (-5404319552844595/18014398509481984).Real * r("e2#$#9")
    and (b("e2#$#6") and (not b("e2#$#5") and (r("e2#$#7") <= (2/1).Real and ((
    0/1).Real <= r("e2#$#7") and (r("e2#$#8") <= (5/1).Real and ((3/1).Real <=
    r("e2#$#8") and (r("e2#$#7") <= r("e2#$#8") and (r("e2#$#9") <= (7/2).Real
    and ((3/2).Real <= r("e2#$#9") and (r("e2#$#8") <= r("e2#$#9") and (r(
    "e2#$#10") <= (11/2).Real and ((7/2).Real <= r("e2#$#10") and (r("e2#$#9")
    <= r("e2#$#10") and (r("e2#$#11") === (5/1).Real and (r("e2#$#10") <= r(
    "e2#$#11") and r("e2#$#12") === (0/1).Real)))))))))))))))) or (r("e2#$#13")
    === (1/1).Real + (-5404319552844595/18014398509481984).Real * r("e2#$#11")
    and (r("e2#$#14") === (1/1).Real + (
    -5404319552844595/18014398509481984).Real * r("e2#$#9") and (r("e2#$#11")
    === (5/1).Real and (r("e2#$#10") <= r("e2#$#11") and (not b("e2#$#6") and (
    b("e2#$#5") and (r("e2#$#7") <= (2/1).Real and ((0/1).Real <= r("e2#$#7")
    and (r("e2#$#8") <= (5/1).Real and ((3/1).Real <= r("e2#$#8") and (r(
    "e2#$#7") <= r("e2#$#8") and (r("e2#$#9") <= (7/2).Real and ((3/2).Real <=
    r("e2#$#9") and (r("e2#$#8") <= r("e2#$#9") and (r("e2#$#10") <= (
    11/2).Real and ((7/2).Real <= r("e2#$#10") and (r("e2#$#9") <= r("e2#$#10")
    and r("e2#$#12") === (0/1).Real)))))))))))))))) or r("e2#$#13") === (
    1/1).Real + (-5404319552844595/18014398509481984).Real * r("e2#$#11") and (
    r("e2#$#14") === (1/1).Real + (-5404319552844595/18014398509481984).Real *
    r("e2#$#9") and (r("e2#$#11") === (5/1).Real and (r("e2#$#10") <= r(
    "e2#$#11") and (not b("e2#$#6") and (not b("e2#$#5") and (r("e2#$#7") <= (
    2/1).Real and ((0/1).Real <= r("e2#$#7") and (r("e2#$#8") <= (5/1).Real and
    ((3/1).Real <= r("e2#$#8") and (r("e2#$#7") <= r("e2#$#8") and (r("e2#$#9")
    <= (7/2).Real and ((3/2).Real <= r("e2#$#9") and (r("e2#$#8") <= r(
    "e2#$#9") and (r("e2#$#10") <= (11/2).Real and ((7/2).Real <= r("e2#$#10")
    and (r("e2#$#9") <= r("e2#$#10") and r("e2#$#12") === (
    0/1).Real)))))))))))))))))))))))))))))))))))))))) and r("e2#$#15") === r(
    "#$#1") + (-3602879701896397/36028797018963968).Real * r("e2#$#7") or (r(
    "e2#$#13") === (1/1).Real + ((-14411518807585587/18014398509481984).Real *
    r("e2#$#9") + (1/2).Real * r("e2#$#11")) and (r("e2#$#15") === r("#$#1") +
    (-3602879701896397/36028797018963968).Real * r("e2#$#8") and (r("e2#$#14")
    === (1/1).Real + (-5404319552844595/18014398509481984).Real * r("e2#$#7")
    and (b("e2#$#8") and (b("e2#$#6") and (r("e2#$#7") <= (7/2).Real and ((
    3/2).Real <= r("e2#$#7") and ((0/1).Real <= r("e2#$#7") and (r("e2#$#8") <=
    (2/1).Real and ((0/1).Real <= r("e2#$#8") and (r("e2#$#7") <= r("e2#$#8")
    and (r("e2#$#9") <= (11/2).Real and ((7/2).Real <= r("e2#$#9") and (r(
    "e2#$#8") <= r("e2#$#9") and (r("e2#$#10") <= (5/1).Real and ((3/1).Real <=
    r("e2#$#10") and (r("e2#$#9") <= r("e2#$#10") and (r("e2#$#11") === (
    5/1).Real and (r("e2#$#10") <= r("e2#$#11") and r("e2#$#12") === (
    1/1).Real)))))))))))))))))) or (r("e2#$#13") === (1/1).Real + ((
    -14411518807585587/18014398509481984).Real * r("e2#$#9") + (1/2).Real * r(
    "e2#$#11")) and (r("e2#$#15") === r("#$#1") + (
    -3602879701896397/36028797018963968).Real * r("e2#$#8") and (r("e2#$#14")
    === (1/1).Real + (-5404319552844595/18014398509481984).Real * r("e2#$#7")
    and (not b("e2#$#8") and (b("e2#$#6") and (r("e2#$#7") <= (7/2).Real and ((
    3/2).Real <= r("e2#$#7") and ((0/1).Real <= r("e2#$#7") and (r("e2#$#8") <=
    (2/1).Real and ((0/1).Real <= r("e2#$#8") and (r("e2#$#7") <= r("e2#$#8")
    and (r("e2#$#9") <= (11/2).Real and ((7/2).Real <= r("e2#$#9") and (r(
    "e2#$#8") <= r("e2#$#9") and (r("e2#$#10") <= (5/1).Real and ((3/1).Real <=
    r("e2#$#10") and (r("e2#$#9") <= r("e2#$#10") and (r("e2#$#11") === (
    5/1).Real and (r("e2#$#10") <= r("e2#$#11") and r("e2#$#12") === (
    1/1).Real)))))))))))))))))) or (r("e2#$#13") === (1/1).Real + ((
    -14411518807585587/18014398509481984).Real * r("e2#$#9") + (1/2).Real * r(
    "e2#$#11")) and (r("e2#$#15") === r("#$#1") + (
    -3602879701896397/36028797018963968).Real * r("e2#$#8") and (r("e2#$#14")
    === (1/1).Real + (-5404319552844595/18014398509481984).Real * r("e2#$#7")
    and (b("e2#$#9") and (b("e2#$#5") and (r("e2#$#7") <= (7/2).Real and ((
    3/2).Real <= r("e2#$#7") and ((0/1).Real <= r("e2#$#7") and (r("e2#$#8") <=
    (2/1).Real and ((0/1).Real <= r("e2#$#8") and (r("e2#$#7") <= r("e2#$#8")
    and (r("e2#$#9") <= (5/1).Real and ((3/1).Real <= r("e2#$#9") and (r(
    "e2#$#8") <= r("e2#$#9") and (r("e2#$#10") <= (11/2).Real and ((7/2).Real
    <= r("e2#$#10") and (r("e2#$#9") <= r("e2#$#10") and (r("e2#$#11") === (
    5/1).Real and (r("e2#$#10") <= r("e2#$#11") and r("e2#$#12") === (
    1/1).Real)))))))))))))))))) or (r("e2#$#13") === (1/1).Real + ((
    -14411518807585587/18014398509481984).Real * r("e2#$#9") + (1/2).Real * r(
    "e2#$#11")) and (r("e2#$#15") === r("#$#1") + (
    -3602879701896397/36028797018963968).Real * r("e2#$#8") and (r("e2#$#14")
    === (1/1).Real + (-5404319552844595/18014398509481984).Real * r("e2#$#7")
    and (r("e2#$#11") === (5/1).Real and (r("e2#$#10") <= r("e2#$#11") and (not
    b("e2#$#9") and (b("e2#$#5") and (r("e2#$#7") <= (7/2).Real and ((3/2).Real
    <= r("e2#$#7") and ((0/1).Real <= r("e2#$#7") and (r("e2#$#8") <= (
    2/1).Real and ((0/1).Real <= r("e2#$#8") and (r("e2#$#7") <= r("e2#$#8")
    and (r("e2#$#9") <= (5/1).Real and ((3/1).Real <= r("e2#$#9") and (r(
    "e2#$#8") <= r("e2#$#9") and (r("e2#$#10") <= (11/2).Real and ((7/2).Real
    <= r("e2#$#10") and (r("e2#$#9") <= r("e2#$#10") and r("e2#$#12") === (
    1/1).Real)))))))))))))))))) or (r("e2#$#13") === (1/1).Real + ((1/2).Real *
    r("e2#$#11") + (-14411518807585587/18014398509481984).Real * r("e2#$#10"))
    and (r("e2#$#15") === r("#$#1") + (
    -3602879701896397/36028797018963968).Real * r("e2#$#8") and (r("e2#$#14")
    === (1/1).Real + (-5404319552844595/18014398509481984).Real * r("e2#$#7")
    and (b("e2#$#5") and (b("e2#$#6") and (r("e2#$#7") <= (7/2).Real and ((
    3/2).Real <= r("e2#$#7") and ((0/1).Real <= r("e2#$#7") and (r("e2#$#8") <=
    (2/1).Real and ((0/1).Real <= r("e2#$#8") and (r("e2#$#7") <= r("e2#$#8")
    and (r("e2#$#9") <= (11/2).Real and ((7/2).Real <= r("e2#$#9") and (r(
    "e2#$#8") <= r("e2#$#9") and (r("e2#$#10") <= (5/1).Real and ((3/1).Real <=
    r("e2#$#10") and (r("e2#$#9") <= r("e2#$#10") and (r("e2#$#11") === (
    5/1).Real and (r("e2#$#10") <= r("e2#$#11") and r("e2#$#12") === (
    1/1).Real)))))))))))))))))) or (r("e2#$#13") === (1/1).Real + ((1/2).Real *
    r("e2#$#11") + (-14411518807585587/18014398509481984).Real * r("e2#$#10"))
    and (r("e2#$#15") === r("#$#1") + (
    -3602879701896397/36028797018963968).Real * r("e2#$#8") and (r("e2#$#14")
    === (1/1).Real + (-5404319552844595/18014398509481984).Real * r("e2#$#7")
    and (b("e2#$#5") and (not b("e2#$#6") and (r("e2#$#7") <= (7/2).Real and ((
    3/2).Real <= r("e2#$#7") and ((0/1).Real <= r("e2#$#7") and (r("e2#$#8") <=
    (2/1).Real and ((0/1).Real <= r("e2#$#8") and (r("e2#$#7") <= r("e2#$#8")
    and (r("e2#$#9") <= (11/2).Real and ((7/2).Real <= r("e2#$#9") and (r(
    "e2#$#8") <= r("e2#$#9") and (r("e2#$#10") <= (5/1).Real and ((3/1).Real <=
    r("e2#$#10") and (r("e2#$#9") <= r("e2#$#10") and (r("e2#$#11") === (
    5/1).Real and (r("e2#$#10") <= r("e2#$#11") and r("e2#$#12") === (
    1/1).Real)))))))))))))))))) or (r("e2#$#13") === (1/1).Real + ((1/2).Real *
    r("e2#$#11") + (-14411518807585587/18014398509481984).Real * r("e2#$#10"))
    and (r("e2#$#15") === r("#$#1") + (
    -3602879701896397/36028797018963968).Real * r("e2#$#8") and (r("e2#$#14")
    === (1/1).Real + (-5404319552844595/18014398509481984).Real * r("e2#$#7")
    and (b("e2#$#6") and (b("e2#$#5") and (r("e2#$#7") <= (7/2).Real and ((
    3/2).Real <= r("e2#$#7") and ((0/1).Real <= r("e2#$#7") and (r("e2#$#8") <=
    (2/1).Real and ((0/1).Real <= r("e2#$#8") and (r("e2#$#7") <= r("e2#$#8")
    and (r("e2#$#9") <= (5/1).Real and ((3/1).Real <= r("e2#$#9") and (r(
    "e2#$#8") <= r("e2#$#9") and (r("e2#$#10") <= (11/2).Real and ((7/2).Real
    <= r("e2#$#10") and (r("e2#$#9") <= r("e2#$#10") and (r("e2#$#11") === (
    5/1).Real and (r("e2#$#10") <= r("e2#$#11") and r("e2#$#12") === (
    1/1).Real)))))))))))))))))) or (r("e2#$#13") === (1/1).Real + ((
    14411518807585587/18014398509481984).Real * r("e2#$#10") + ((
    -14411518807585587/18014398509481984).Real * r("e2#$#9") + (
    -5404319552844595/18014398509481984).Real * r("e2#$#11"))) and (r(
    "e2#$#15") === r("#$#1") + (-3602879701896397/36028797018963968).Real * r(
    "e2#$#8") and (r("e2#$#14") === (1/1).Real + (
    -5404319552844595/18014398509481984).Real * r("e2#$#7") and (b("e2#$#8")
    and (b("e2#$#6") and (r("e2#$#7") <= (7/2).Real and ((3/2).Real <= r(
    "e2#$#7") and ((0/1).Real <= r("e2#$#7") and (r("e2#$#8") <= (2/1).Real and
    ((0/1).Real <= r("e2#$#8") and (r("e2#$#7") <= r("e2#$#8") and (r("e2#$#9")
    <= (11/2).Real and ((7/2).Real <= r("e2#$#9") and (r("e2#$#8") <= r(
    "e2#$#9") and (r("e2#$#10") <= (5/1).Real and ((3/1).Real <= r("e2#$#10")
    and (r("e2#$#9") <= r("e2#$#10") and (r("e2#$#11") === (5/1).Real and (r(
    "e2#$#10") <= r("e2#$#11") and r("e2#$#12") === (
    0/1).Real)))))))))))))))))) or (r("e2#$#13") === (1/1).Real + ((1/2).Real *
    r("e2#$#11") + (-14411518807585587/18014398509481984).Real * r("e2#$#10"))
    and (r("e2#$#15") === r("#$#1") + (
    -3602879701896397/36028797018963968).Real * r("e2#$#8") and (r("e2#$#14")
    === (1/1).Real + (-5404319552844595/18014398509481984).Real * r("e2#$#7")
    and (b("e2#$#6") and (not b("e2#$#5") and (r("e2#$#7") <= (7/2).Real and ((
    3/2).Real <= r("e2#$#7") and ((0/1).Real <= r("e2#$#7") and (r("e2#$#8") <=
    (2/1).Real and ((0/1).Real <= r("e2#$#8") and (r("e2#$#7") <= r("e2#$#8")
    and (r("e2#$#9") <= (5/1).Real and ((3/1).Real <= r("e2#$#9") and (r(
    "e2#$#8") <= r("e2#$#9") and (r("e2#$#10") <= (11/2).Real and ((7/2).Real
    <= r("e2#$#10") and (r("e2#$#9") <= r("e2#$#10") and (r("e2#$#11") === (
    5/1).Real and (r("e2#$#10") <= r("e2#$#11") and r("e2#$#12") === (
    1/1).Real)))))))))))))))))) or (r("e2#$#13") === (1/1).Real + ((
    14411518807585587/18014398509481984).Real * r("e2#$#10") + ((
    -14411518807585587/18014398509481984).Real * r("e2#$#9") + (
    -5404319552844595/18014398509481984).Real * r("e2#$#11"))) and (r(
    "e2#$#15") === r("#$#1") + (-3602879701896397/36028797018963968).Real * r(
    "e2#$#8") and (r("e2#$#14") === (1/1).Real + (
    -5404319552844595/18014398509481984).Real * r("e2#$#7") and (b("e2#$#9")
    and (b("e2#$#5") and (r("e2#$#7") <= (7/2).Real and ((3/2).Real <= r(
    "e2#$#7") and ((0/1).Real <= r("e2#$#7") and (r("e2#$#8") <= (2/1).Real and
    ((0/1).Real <= r("e2#$#8") and (r("e2#$#7") <= r("e2#$#8") and (r("e2#$#9")
    <= (5/1).Real and ((3/1).Real <= r("e2#$#9") and (r("e2#$#8") <= r(
    "e2#$#9") and (r("e2#$#10") <= (11/2).Real and ((7/2).Real <= r("e2#$#10")
    and (r("e2#$#9") <= r("e2#$#10") and (r("e2#$#11") === (5/1).Real and (r(
    "e2#$#10") <= r("e2#$#11") and r("e2#$#12") === (
    0/1).Real)))))))))))))))))) or (r("e2#$#13") === (1/1).Real + (
    -5404319552844595/18014398509481984).Real * r("e2#$#11") and (r("e2#$#15")
    === r("#$#1") + (-3602879701896397/36028797018963968).Real * r("e2#$#8")
    and (r("e2#$#14") === (1/1).Real + (
    -5404319552844595/18014398509481984).Real * r("e2#$#7") and (b("e2#$#5")
    and (b("e2#$#6") and (r("e2#$#7") <= (7/2).Real and ((3/2).Real <= r(
    "e2#$#7") and ((0/1).Real <= r("e2#$#7") and (r("e2#$#8") <= (2/1).Real and
    ((0/1).Real <= r("e2#$#8") and (r("e2#$#7") <= r("e2#$#8") and (r("e2#$#9")
    <= (11/2).Real and ((7/2).Real <= r("e2#$#9") and (r("e2#$#8") <= r(
    "e2#$#9") and (r("e2#$#10") <= (5/1).Real and ((3/1).Real <= r("e2#$#10")
    and (r("e2#$#9") <= r("e2#$#10") and (r("e2#$#11") === (5/1).Real and (r(
    "e2#$#10") <= r("e2#$#11") and r("e2#$#12") === (
    0/1).Real)))))))))))))))))) or (r("e2#$#13") === (1/1).Real + (
    -5404319552844595/18014398509481984).Real * r("e2#$#11") and (r("e2#$#15")
    === r("#$#1") + (-3602879701896397/36028797018963968).Real * r("e2#$#8")
    and (r("e2#$#14") === (1/1).Real + (
    -5404319552844595/18014398509481984).Real * r("e2#$#7") and (b("e2#$#5")
    and (not b("e2#$#6") and (r("e2#$#7") <= (7/2).Real and ((3/2).Real <= r(
    "e2#$#7") and ((0/1).Real <= r("e2#$#7") and (r("e2#$#8") <= (2/1).Real and
    ((0/1).Real <= r("e2#$#8") and (r("e2#$#7") <= r("e2#$#8") and (r("e2#$#9")
    <= (11/2).Real and ((7/2).Real <= r("e2#$#9") and (r("e2#$#8") <= r(
    "e2#$#9") and (r("e2#$#10") <= (5/1).Real and ((3/1).Real <= r("e2#$#10")
    and (r("e2#$#9") <= r("e2#$#10") and (r("e2#$#11") === (5/1).Real and (r(
    "e2#$#10") <= r("e2#$#11") and r("e2#$#12") === (
    0/1).Real)))))))))))))))))) or (r("e2#$#13") === (1/1).Real + (
    -5404319552844595/18014398509481984).Real * r("e2#$#11") and (r("e2#$#15")
    === r("#$#1") + (-3602879701896397/36028797018963968).Real * r("e2#$#8")
    and (r("e2#$#14") === (1/1).Real + (
    -5404319552844595/18014398509481984).Real * r("e2#$#7") and (b("e2#$#6")
    and (b("e2#$#5") and (r("e2#$#7") <= (7/2).Real and ((3/2).Real <= r(
    "e2#$#7") and ((0/1).Real <= r("e2#$#7") and (r("e2#$#8") <= (2/1).Real and
    ((0/1).Real <= r("e2#$#8") and (r("e2#$#7") <= r("e2#$#8") and (r("e2#$#9")
    <= (5/1).Real and ((3/1).Real <= r("e2#$#9") and (r("e2#$#8") <= r(
    "e2#$#9") and (r("e2#$#10") <= (11/2).Real and ((7/2).Real <= r("e2#$#10")
    and (r("e2#$#9") <= r("e2#$#10") and (r("e2#$#11") === (5/1).Real and (r(
    "e2#$#10") <= r("e2#$#11") and r("e2#$#12") === (
    0/1).Real)))))))))))))))))) or (r("e2#$#13") === (1/1).Real + (
    -5404319552844595/18014398509481984).Real * r("e2#$#11") and (r("e2#$#15")
    === r("#$#1") + (-3602879701896397/36028797018963968).Real * r("e2#$#8")
    and (r("e2#$#14") === (1/1).Real + (
    -5404319552844595/18014398509481984).Real * r("e2#$#7") and (b("e2#$#6")
    and (not b("e2#$#5") and (r("e2#$#7") <= (7/2).Real and ((3/2).Real <= r(
    "e2#$#7") and ((0/1).Real <= r("e2#$#7") and (r("e2#$#8") <= (2/1).Real and
    ((0/1).Real <= r("e2#$#8") and (r("e2#$#7") <= r("e2#$#8") and (r("e2#$#9")
    <= (5/1).Real and ((3/1).Real <= r("e2#$#9") and (r("e2#$#8") <= r(
    "e2#$#9") and (r("e2#$#10") <= (11/2).Real and ((7/2).Real <= r("e2#$#10")
    and (r("e2#$#9") <= r("e2#$#10") and (r("e2#$#11") === (5/1).Real and (r(
    "e2#$#10") <= r("e2#$#11") and r("e2#$#12") === (
    0/1).Real)))))))))))))))))) or (r("e2#$#13") === (1/1).Real + (
    -5404319552844595/18014398509481984).Real * r("e2#$#11") and (r("e2#$#15")
    === r("#$#1") + (-3602879701896397/36028797018963968).Real * r("e2#$#8")
    and (r("e2#$#14") === (1/1).Real + (
    -5404319552844595/18014398509481984).Real * r("e2#$#7") and (not b(
    "e2#$#5") and (b("e2#$#6") and (r("e2#$#7") <= (7/2).Real and ((3/2).Real
    <= r("e2#$#7") and ((0/1).Real <= r("e2#$#7") and (r("e2#$#8") <= (
    2/1).Real and ((0/1).Real <= r("e2#$#8") and (r("e2#$#7") <= r("e2#$#8")
    and (r("e2#$#9") <= (11/2).Real and ((7/2).Real <= r("e2#$#9") and (r(
    "e2#$#8") <= r("e2#$#9") and (r("e2#$#10") <= (5/1).Real and ((3/1).Real <=
    r("e2#$#10") and (r("e2#$#9") <= r("e2#$#10") and (r("e2#$#11") === (
    5/1).Real and (r("e2#$#10") <= r("e2#$#11") and r("e2#$#12") === (
    0/1).Real)))))))))))))))))) or (r("e2#$#13") === (1/1).Real + (
    -5404319552844595/18014398509481984).Real * r("e2#$#11") and (r("e2#$#15")
    === r("#$#1") + (-3602879701896397/36028797018963968).Real * r("e2#$#8")
    and (r("e2#$#14") === (1/1).Real + (
    -5404319552844595/18014398509481984).Real * r("e2#$#7") and (not b(
    "e2#$#5") and (not b("e2#$#6") and (r("e2#$#7") <= (7/2).Real and ((
    3/2).Real <= r("e2#$#7") and ((0/1).Real <= r("e2#$#7") and (r("e2#$#8") <=
    (2/1).Real and ((0/1).Real <= r("e2#$#8") and (r("e2#$#7") <= r("e2#$#8")
    and (r("e2#$#9") <= (11/2).Real and ((7/2).Real <= r("e2#$#9") and (r(
    "e2#$#8") <= r("e2#$#9") and (r("e2#$#10") <= (5/1).Real and ((3/1).Real <=
    r("e2#$#10") and (r("e2#$#9") <= r("e2#$#10") and (r("e2#$#11") === (
    5/1).Real and (r("e2#$#10") <= r("e2#$#11") and r("e2#$#12") === (
    0/1).Real)))))))))))))))))) or (r("e2#$#13") === (1/1).Real + (
    -5404319552844595/18014398509481984).Real * r("e2#$#11") and (r("e2#$#15")
    === r("#$#1") + (-3602879701896397/36028797018963968).Real * r("e2#$#8")
    and (r("e2#$#14") === (1/1).Real + (
    -5404319552844595/18014398509481984).Real * r("e2#$#7") and (r("e2#$#11")
    === (5/1).Real and (r("e2#$#10") <= r("e2#$#11") and (not b("e2#$#6") and (
    b("e2#$#5") and (r("e2#$#7") <= (7/2).Real and ((3/2).Real <= r("e2#$#7")
    and ((0/1).Real <= r("e2#$#7") and (r("e2#$#8") <= (2/1).Real and ((
    0/1).Real <= r("e2#$#8") and (r("e2#$#7") <= r("e2#$#8") and (r("e2#$#9")
    <= (5/1).Real and ((3/1).Real <= r("e2#$#9") and (r("e2#$#8") <= r(
    "e2#$#9") and (r("e2#$#10") <= (11/2).Real and ((7/2).Real <= r("e2#$#10")
    and (r("e2#$#9") <= r("e2#$#10") and r("e2#$#12") === (
    0/1).Real)))))))))))))))))) or r("e2#$#13") === (1/1).Real + (
    -5404319552844595/18014398509481984).Real * r("e2#$#11") and (r("e2#$#15")
    === r("#$#1") + (-3602879701896397/36028797018963968).Real * r("e2#$#8")
    and (r("e2#$#14") === (1/1).Real + (
    -5404319552844595/18014398509481984).Real * r("e2#$#7") and (r("e2#$#11")
    === (5/1).Real and (r("e2#$#10") <= r("e2#$#11") and (not b("e2#$#6") and (
    not b("e2#$#5") and (r("e2#$#7") <= (7/2).Real and ((3/2).Real <= r(
    "e2#$#7") and ((0/1).Real <= r("e2#$#7") and (r("e2#$#8") <= (2/1).Real and
    ((0/1).Real <= r("e2#$#8") and (r("e2#$#7") <= r("e2#$#8") and (r("e2#$#9")
    <= (5/1).Real and ((3/1).Real <= r("e2#$#9") and (r("e2#$#8") <= r(
    "e2#$#9") and (r("e2#$#10") <= (11/2).Real and ((7/2).Real <= r("e2#$#10")
    and (r("e2#$#9") <= r("e2#$#10") and r("e2#$#12") === (
    0/1).Real))))))))))))))))))))))))))))))))))))))))] || < e : Env |
    properties : ((TimingProperties::Period => {{(5).NzNat}}) ;
    HybridSynchAADL::MaxClockDeviation => {{5.0e-1}}),features : (< a :
    EnvOutPort | content : [r("e2#$#16")] # [b("e2#$#10")],envCache : [r(
    "e2#$#16")] # [b("e2#$#10")],target : cr1 > < b : EnvOutPort | content : [
    r("e2#$#17")] # [b("e2#$#11")],envCache : [r("e2#$#17")] # [b("e2#$#11")],
    target : cr2 > < on1 : EnvInPort | content : [(0/1).Real] # [(
    false).Boolean],envCache : [r("e2#$#5")] # [b("e2#$#5")],target : cr1 > <
    on2 : EnvInPort | content : [(0/1).Real] # [(false).Boolean],envCache : [r(
    "e2#$#6")] # [b("e2#$#6")],target : cr2 > < off1 : EnvInPort | content : [(
    false).Boolean] # [(false).Boolean],envCache : [b("e2#$#7")] # [b(
    "e2#$#8")],target : cr1 > < off2 : EnvInPort | content : * # [(
    false).Boolean],envCache : * # [b("e2#$#9")],target : cr2 >),subcomponents
    : (< x : Data | properties : none,features : none,subcomponents : none,
    connections : empty,value : [r("#$#1") - (
    3602879701896397/36028797018963968).Real * (r("e2#$#7") - (0/1).Real) - (
    3602879701896397/36028797018963968).Real * (r("e2#$#8") - r("e2#$#7")) - (
    3602879701896397/36028797018963968).Real * (r("e2#$#9") - r("e2#$#8")) - (
    3602879701896397/36028797018963968).Real * (r("e2#$#10") - r("e2#$#9")) - (
    3602879701896397/36028797018963968).Real * (r("e2#$#11") - r("e2#$#10"))] #
    [(true).Boolean] > < y : Data | properties : none,features : none,
    subcomponents : none,connections : empty,value : [r("e2#$#13")] # [(
    true).Boolean] >),connections : ((x ==> a) ; y ==> b),varGen : < "e2",18,12
    >,currMode : loc([r("e2#$#12")]),jumps : ((loc([(0/1).Real]) -[on1]-> loc([
    (0/1).Real])) ; (loc([(0/1).Real]) -[on1]-> loc([(1/1).Real])) ; (loc([(
    0/1).Real]) -[on2]-> loc([(0/1).Real])) ; (loc([(0/1).Real]) -[on2]-> loc([
    (1/1).Real])) ; (loc([(1/1).Real]) -[off1]-> loc([(0/1).Real])) ; (loc([(
    1/1).Real]) -[off1]-> loc([(1/1).Real])) ; (loc([(1/1).Real]) -[off2]->
    loc([(0/1).Real])) ; loc([(1/1).Real]) -[off2]-> loc([(1/1).Real])),flows :
    ((loc([(0/1).Real]) [(x(t)= (c[x] - (v[t] * [[1.0000000000000001e-1]]))) ;
    y(s)= (c[y] - (v[s] * [[2.9999999999999999e-1]]))]) ; loc([(1/1).Real]) [(
    x(t)= (c[x] - (v[t] * [[1.0000000000000001e-1]]))) ; y(s)= (c[y] + (v[s] *
    [[5.0e-1]]))]),sampling : (cr1 :(0,1), cr2 :(3/2,5/2)),response : (cr1 :(3,
    4), cr2 :(7/2,9/2)) >

No more solutions.
states: 1  rewrites: 17610
Bye.
